[debug] [2026-03-10T17:22:33.804Z] ----------------------------------------------------------------------
[debug] [2026-03-10T17:22:33.806Z] Command:       /opt/homebrew/Cellar/node/25.2.1/bin/node /opt/homebrew/bin/firebase deploy --only hosting
[debug] [2026-03-10T17:22:33.806Z] CLI Version:   15.5.1
[debug] [2026-03-10T17:22:33.806Z] Platform:      darwin
[debug] [2026-03-10T17:22:33.806Z] Node Version:  v25.2.1
[debug] [2026-03-10T17:22:33.806Z] Time:          Tue Mar 10 2026 13:22:33 GMT-0400 (Eastern Daylight Time)
[debug] [2026-03-10T17:22:33.806Z] ----------------------------------------------------------------------
[debug] 
[debug] [2026-03-10T17:22:33.807Z] >>> [apiv2][query] GET https://firebase-public.firebaseio.com/cli.json [none]
[debug] [2026-03-10T17:22:34.599Z] > command requires scopes: ["email","openid","https://www.googleapis.com/auth/cloudplatformprojects.readonly","https://www.googleapis.com/auth/firebase","https://www.googleapis.com/auth/cloud-platform"]
[debug] [2026-03-10T17:22:34.599Z] > authorizing via signed-in user (parroson21@gmail.com)
[debug] [2026-03-10T17:22:34.599Z] [iam] checking project travel-list-4e4f4 for permissions ["firebase.projects.get","firebasehosting.sites.update"]
[debug] [2026-03-10T17:22:34.599Z] Checked if tokens are valid: true, expires at: 1773166321398
[debug] [2026-03-10T17:22:34.599Z] Checked if tokens are valid: true, expires at: 1773166321398
[debug] [2026-03-10T17:22:34.599Z] >>> [apiv2][query] POST https://cloudresourcemanager.googleapis.com/v1/projects/travel-list-4e4f4:testIamPermissions [none]
[debug] [2026-03-10T17:22:34.599Z] >>> [apiv2][(partial)header] POST https://cloudresourcemanager.googleapis.com/v1/projects/travel-list-4e4f4:testIamPermissions  x-goog-user-project=travel-list-4e4f4
[debug] [2026-03-10T17:22:34.599Z] >>> [apiv2][body] POST https://cloudresourcemanager.googleapis.com/v1/projects/travel-list-4e4f4:testIamPermissions {"permissions":["firebase.projects.get","firebasehosting.sites.update"]}
[debug] [2026-03-10T17:22:34.718Z] <<< [apiv2][status] GET https://firebase-public.firebaseio.com/cli.json 200
[debug] [2026-03-10T17:22:34.718Z] <<< [apiv2][body] GET https://firebase-public.firebaseio.com/cli.json {"cloudBuildErrorAfter":1594252800000,"cloudBuildWarnAfter":1590019200000,"defaultNode10After":1594252800000,"minVersion":"3.0.5","node8DeploysDisabledAfter":1613390400000,"node8RuntimeDisabledAfter":1615809600000,"node8WarnAfter":1600128000000}
[debug] [2026-03-10T17:22:34.755Z] <<< [apiv2][status] POST https://cloudresourcemanager.googleapis.com/v1/projects/travel-list-4e4f4:testIamPermissions 200
[debug] [2026-03-10T17:22:34.755Z] <<< [apiv2][body] POST https://cloudresourcemanager.googleapis.com/v1/projects/travel-list-4e4f4:testIamPermissions {"permissions":["firebase.projects.get","firebasehosting.sites.update"]}
[debug] [2026-03-10T17:22:34.756Z] Checked if tokens are valid: true, expires at: 1773166321398
[debug] [2026-03-10T17:22:34.756Z] Checked if tokens are valid: true, expires at: 1773166321398
[debug] [2026-03-10T17:22:34.756Z] >>> [apiv2][query] GET https://firebase.googleapis.com/v1beta1/projects/travel-list-4e4f4 [none]
[debug] [2026-03-10T17:22:35.197Z] <<< [apiv2][status] GET https://firebase.googleapis.com/v1beta1/projects/travel-list-4e4f4 200
[debug] [2026-03-10T17:22:35.197Z] <<< [apiv2][body] GET https://firebase.googleapis.com/v1beta1/projects/travel-list-4e4f4 {"projectId":"travel-list-4e4f4","projectNumber":"250549244937","displayName":"travel-list","name":"projects/travel-list-4e4f4","resources":{"hostingSite":"travel-list-4e4f4"},"state":"ACTIVE","etag":"1_eb3485fe-9c0c-4543-9159-0c8b6e0fe7af"}
[info] 
[info] === Deploying to 'travel-list-4e4f4'...
[info] 
[info] i  deploying hosting 
[debug] [2026-03-10T17:22:35.201Z] Checked if tokens are valid: true, expires at: 1773166321398
[debug] [2026-03-10T17:22:35.201Z] Checked if tokens are valid: true, expires at: 1773166321398
[debug] [2026-03-10T17:22:35.201Z] >>> [apiv2][query] POST https://firebasehosting.googleapis.com/v1beta1/projects/-/sites/travel-list-4e4f4/versions [none]
[debug] [2026-03-10T17:22:35.201Z] >>> [apiv2][body] POST https://firebasehosting.googleapis.com/v1beta1/projects/-/sites/travel-list-4e4f4/versions {"status":"CREATED","labels":{"deployment-tool":"cli-firebase"}}
[debug] [2026-03-10T17:22:39.475Z] <<< [apiv2][status] POST https://firebasehosting.googleapis.com/v1beta1/projects/-/sites/travel-list-4e4f4/versions 200
[debug] [2026-03-10T17:22:39.475Z] <<< [apiv2][body] POST https://firebasehosting.googleapis.com/v1beta1/projects/-/sites/travel-list-4e4f4/versions {"name":"projects/250549244937/sites/travel-list-4e4f4/versions/7f1b2b2dd721d0d9","status":"CREATED","config":{},"labels":{"deployment-tool":"cli-firebase"}}
[info] i  hosting[travel-list-4e4f4]: beginning deploy... 
[info] i  hosting[travel-list-4e4f4]: found 88 files in dist/travel-app/browser 
[debug] [2026-03-10T17:22:39.483Z] [hosting] uploading with 200 concurrency
[debug] [2026-03-10T17:22:39.517Z] Checked if tokens are valid: true, expires at: 1773166321398
[debug] [2026-03-10T17:22:39.517Z] Checked if tokens are valid: true, expires at: 1773166321398
[debug] [2026-03-10T17:22:39.517Z] [hosting] hash cache [ZGlzdC90cmF2ZWwtYXBwL2Jyb3dzZXI] stored for 88 files
[debug] [2026-03-10T17:22:39.517Z] [hosting][hash queue][FINAL] {"max":31,"min":0,"avg":0.9659090909090909,"active":0,"complete":88,"success":88,"errored":0,"retried":0,"total":88,"elapsed":32}
[debug] [2026-03-10T17:22:39.518Z] >>> [apiv2][query] POST https://firebasehosting.googleapis.com/v1beta1/projects/250549244937/sites/travel-list-4e4f4/versions/7f1b2b2dd721d0d9:populateFiles [none]
[debug] [2026-03-10T17:22:39.518Z] >>> [apiv2][body] POST https://firebasehosting.googleapis.com/v1beta1/projects/250549244937/sites/travel-list-4e4f4/versions/7f1b2b2dd721d0d9:populateFiles {"files":{"/favicon.ico":"5875a219e3f6c4e2306edce870b7b845fa01329dbf4cc3f0fd288b3a0d0bbcab","/countries.json":"b9393a0523ccea7d039136385d2f815b39d626f796f666e64feeb48295ce4b06","/countries.geojson":"2a19de418125e8942d6d1b6a5dfd480e81d4015d8e625e0e19fab68c5c743196","/ignore/GB/overseas-territories/VG.geojson":"e541fa86f626151a7ba0eeaf1135f3eb8a3d84a6075a78ba77af08cfa7d51406","/ignore/GB/overseas-territories/TC.geojson":"4e7c944c4bd5f44cf26063ad0131921b7360f63d72ca59db1c28769eaec7454a","/ignore/GB/overseas-territories/SH.geojson":"9850491ad0f66ba1003ff6994900e78c27c6ce557eb7f295333df79f51706537","/ignore/GB/overseas-territories/PN.geojson":"05dc255bd77ff66d18283b2be3f7dbe435baf012dd42d5eba6238f9d26918757","/ignore/GB/overseas-territories/MS.geojson":"20789f1a8d5e7e8b7ac4c3bfa3511be559ba0a58c21bacfcae1fb52ff921f29a","/ignore/GB/overseas-territories/KY.geojson":"5271537a817733ff74d6ce6a18ea4fc2fc8849a206c4a66581434feb960f5ca2","/ignore/GB/overseas-territories/IO.geojson":"d76dfe8b2f61599f8ce4d73feb88e2cd1bdeafadcb92f51ae2813aa414d4e3bf","/ignore/GB/overseas-territories/GS.geojson":"14617c1c247d46ee20dd923e074ba382fff4b2654bf7bd7b027d3cb7d0690932","/ignore/GB/overseas-territories/GI.geojson":"22ac484494cd385d241280adaa96b39ed0a5bd8be067b5f808711277d9f5122c","/ignore/GB/overseas-territories/GB-SBA.geojson":"afd6fe5f3de71e2cf354d2d098264885c6cb9771adebf9ab51436c1abdc0e18f","/ignore/GB/overseas-territories/FK.geojson":"4530e6bd444a528ec2ddf6fdc2b5b95ab151b359e1a82661b843e2da728189ff","/ignore/GB/overseas-territories/BM.geojson":"fbbfc4ae05bb46c4c60539f0e648ecfc27d2f834b50f99877ddbd7c55a958ec9","/ignore/GB/overseas-territories/AQ.geojson":"beab4a1aab097cb5964799e7f2687a2311741d3e50cfbd9043fdca05ae921b23","/ignore/GB/overseas-territories/AI.geojson":"e3024344991df054d5f71461cc3ae9f58b97a7698223354888f7b875601f833f","/ignore/GB/crown-dependencies/JE.geojson":"4c07fe8f6361428319b0c1bb668ab14c64c139b455a3b8cff78c7b83d0d80959","/ignore/GB/crown-dependencies/IM.geojson":"5c1551acd2b6eb49ff75e2892c78c8b4503017a258c9c7dee4c2919a644b73d4","/ignore/GB/crown-dependencies/GG.geojson":"326bb9f1d826cba3a91dabaf2a5a7a70747fc4d7f0abd52622a0dcec5bff0ee5","/geojson/JP/prefectures/manifest.json":"a26c7a8424dd6cf23dddab704bb39f985e40a6e9b1cd76e9f781a708f5373abf","/geojson/JP/prefectures/JP-47.geojson":"0a928ce55d94b503cc2d1094a04d17b30343d32fe24fc82aa9ff5370018db165","/geojson/JP/prefectures/JP-46.geojson":"13a5ff32d0735180761f2c7e272eeed09d2ccc533790f0f9fc308cdc50027ca1","/geojson/JP/prefectures/JP-45.geojson":"8a16bfd4775258f8cdc995ce65a76cd03d82f4360e745c91a758ab9e8d0dbe88","/geojson/JP/prefectures/JP-44.geojson":"fd434cdc46533f8f3961571f54145a3373bbe617fbd0dd245b668f4c5b31df1b","/geojson/JP/prefectures/JP-43.geojson":"eec7818cdd1c172e6d3caf8cc80920064398636a59371a649ca9d949c1831c16","/geojson/JP/prefectures/JP-42.geojson":"6ede4e5651ede359c74288833cd232b85811f76376d78103df40cc60f581fb45","/geojson/JP/prefectures/JP-41.geojson":"18ad43457b407d4a9138631bcb266a4f04d9565af8b37fbd1fb244dd4f000671","/geojson/JP/prefectures/JP-40.geojson":"80673dd1d906c3a754985bf7ee48ff4d976b0e55a0a88ffaebfa830e1d394519","/geojson/JP/prefectures/JP-39.geojson":"b89bef754adadca988650b5e39e598d3b7db6d608cdc4984d788afb8f78ce0d7","/geojson/JP/prefectures/JP-38.geojson":"61aee11b11cf0171ef91a41ea03200f81774d0b1c12be79e3d38ddc4e042b41f","/geojson/JP/prefectures/JP-37.geojson":"0acfa7b8b5b4eb2891ddf29fba6a39aedd9b0fb3a6c8d0e057422ad52f4f7441","/geojson/JP/prefectures/JP-36.geojson":"a08761b3c6760884b4f278b31722bef2339f314421d9a00c70997958e749883d","/geojson/JP/prefectures/JP-35.geojson":"20a3ecb74c3539726a3f965f460fb16a3b28a356bf2770f2ac3fe5a85672088e","/geojson/JP/prefectures/JP-34.geojson":"08109b185c51b1b094f653c494236f90dbd043983e66a5df5a88496fdf48a41d","/geojson/JP/prefectures/JP-33.geojson":"7957374f11da8f7690a14918fe18fe7e0dc697efbe714eb32b8cb4236f058f9f","/geojson/JP/prefectures/JP-32.geojson":"7689bc8fddb8fb73099bbd4be03b60b74a9ae9908d2b9800300d92670441d197","/geojson/JP/prefectures/JP-31.geojson":"08b075ff0bbc709312bcc422c449551e9d2d4f9aa49d385b253479f43f8a080d","/geojson/JP/prefectures/JP-30.geojson":"110235fe44b86e35fb444cc765a094b86249b522b08c085ee3c7ff28eefdcaf4","/geojson/JP/prefectures/JP-29.geojson":"57d52504cfb567f45c9bbb94e21b325a15e73095199b8d1aa12d17b35bb82a2b","/geojson/JP/prefectures/JP-28.geojson":"fddc13304c7c2704158a65896b5defa58ad09bd603fc1b98dcaaf5a5538f0534","/geojson/JP/prefectures/JP-27.geojson":"47bfac0d4b30045fd3f41512a2eb5e56842558567a07119098c1809e0e97e2fd","/geojson/JP/prefectures/JP-26.geojson":"ab2980fa121c6cf6312691f4bea2d4bc7eaa2056e86812ee249c23f816f1bd24","/geojson/JP/prefectures/JP-25.geojson":"2da219044c64600f999186d87a47e52a2d596123c64bd548722967273f569613","/geojson/JP/prefectures/JP-24.geojson":"5505f76cb31e3f5d8a4faa6ec7302d4e9133cd261791f6cdbd158b4cb03387b4","/geojson/JP/prefectures/JP-23.geojson":"b090fe68eb3af7475eeb6b80dd1d7a81dd23b6691bc788fd2fa93f7874472db1","/geojson/JP/prefectures/JP-22.geojson":"6ef243b6f556b3dee4848ea8d3938d1915e2763d8ae0fea90c60d6db6ab395d4","/geojson/JP/prefectures/JP-21.geojson":"f236307a1d7c5e21a2b4f8809664114f0823890aee30a50490e2a5672fcff01d","/geojson/JP/prefectures/JP-20.geojson":"ab88b103e02964338c798d6090b40e3b3a8c29af1e1cec162960f1c531885743","/geojson/JP/prefectures/JP-19.geojson":"8115ee5118e94751348216da2b071cde9c3de5b1f5615134fa3d6d4b67846bf0","/geojson/JP/prefectures/JP-18.geojson":"966f40c3ea1db0f7d65e43bdf40a138bdec0cd95713edadb270bd022c1a9a4e0","/geojson/JP/prefectures/JP-17.geojson":"8a4fa27db99c99a7488f38b24d2caa2086f96a540b502b693df8d992de0f52af","/geojson/JP/prefectures/JP-16.geojson":"f87bb5f81e9a7b00ea347cc7b68237ce8ec162da71d66bf07bbe0025d9b8b37a","/geojson/JP/prefectures/JP-15.geojson":"0a893e7ebd8d1cc5c405314f0a13932eea97649f713c48e16ad32ccc7165054e","/geojson/JP/prefectures/JP-14.geojson":"e9d6f133c8d238f6072eae4a416456abd9e56c651f80d1accd00b8c26e292d4b","/geojson/JP/prefectures/JP-13.geojson":"5549bbeae0a76673baeb6ac638f0624f2cf0d33fcbf17a1fc89142315871f051","/geojson/JP/prefectures/JP-12.geojson":"0cdf300b9c0734fa96821ff2f189a0fb043e7b48900e07bf483ecddfd4b30112","/geojson/JP/prefectures/JP-11.geojson":"a59ebf0dcd494e44251bd733ca50ff553642b6c8bf1f2c5803076a7987dc3342","/geojson/JP/prefectures/JP-10.geojson":"0a9739f5275cebb087137ee37b5889e8b8a7af939cafea4e04a83dd23c5598dd","/geojson/JP/prefectures/JP-09.geojson":"c6a8e3e7597a6034c5cc9f1fc2cffb50391cfd3cebfefb0a87201ee6f72239cd","/geojson/JP/prefectures/JP-08.geojson":"f0ded21207508de65da66233bd9d983da53699a5644fb0f8a671c412d38315e8","/geojson/JP/prefectures/JP-07.geojson":"e543d6e610ef19b26f39fc3be62e3156cd3773998d1d0e82b0a8beb0336f7909","/geojson/JP/prefectures/JP-06.geojson":"d8433759c000fb2d34cb5ce7cba4e712bfa7cd5866e2df18288636200dfe833b","/geojson/JP/prefectures/JP-05.geojson":"3c511ea8f5045490a39d18bb853e71b86b9ad7a819b35d8b4acb482a131236a8","/geojson/JP/prefectures/JP-04.geojson":"d4be6bbf6e0f501585485fa292ce10fcdb1c6b7f5d0177ac0fabe357a2f50f70","/geojson/JP/prefectures/JP-03.geojson":"d2d4da4d72f33d53e4b9e6af9fefdf712a33c580a07ba1ec289483c7771987e1","/geojson/JP/prefectures/JP-02.geojson":"85c7480cd1f5a4d27a9c5a36b8b830c2c82355e588f98b5d1866ef53f6f22b5b","/geojson/JP/prefectures/JP-01.geojson":"17f36daa72f067bfdf49a23aae040fe760c4fa2f97353fb9d28403b71a016ac1","/geojson/GB/regions/manifest.json":"44907c9ad394c297d2aa7b77d893808db1b84caac1abd935181f890823290bbb","/geojson/GB/regions/GB-YH.geojson":"a6eca3fed0ed236c41f1d05070410316a9111691e7dae0d541aca8009edee5d5","/geojson/GB/regions/GB-WM.geojson":"00a7f272fd8ad0185ea1767676d625445176ebc019de062208b635f6217065cd","/geojson/GB/regions/GB-WLS.geojson":"956620c8f33da445b3b55643b801876fab18f183c47fa5cff098b321e1ee0f67","/geojson/GB/regions/GB-SW.geojson":"633e789dad9f1ab70734b54058185075e145f659282198a4221689e424962a8a","/geojson/GB/regions/GB-SE.geojson":"3256f7d1041f2197e9932b00841e42b6bc374b4cef0571ce4624af13a976c670","/geojson/GB/regions/GB-SCT.geojson":"3c95d481f7b3430a95109c045fb0b002f1220c653f7e0bd32ce25fd0273d0c1c","/geojson/GB/regions/GB-NW.geojson":"2f4e9f6b8b94c6b51f8c08b75daa5a0fc9c1450705ae3463753b25ee1b835fb0","/geojson/GB/regions/GB-NIR.geojson":"2282959ca1ed5733c434e1b3a4ad284ecea4a7efe030983a33c800c4b6dc5437","/geojson/GB/regions/GB-NE.geojson":"d25e49bfc5ca73759b9e00ab094df540820ad6370e699fddb497139713d9427e","/geojson/GB/regions/GB-LDN.geojson":"d890f13f5f8a0ba91dab357885b79ef6de3b5289acb38580648bd1782ecf4fbd","/geojson/GB/regions/GB-EM.geojson":"d1808658f044dd0dbf30b8b53b30039f86c7c12f8fb77e2894cfbbb917cf3212","/geojson/GB/regions/GB-EE.geojson":"b4db5a4d37af8a8ea05dc15e9510d057dc14df19169ddc3d299a1c13f8d8d4f9","/chunk-MQ75T6BR.js":"de0cdd76a357f0e96b9adc70205a4728ffbd0436dd3e829d3265aee0ae919777","/chunk-IMPBB4AK.js":"ffd4381992602416f017c0ea6e2d0c4cb86ec023ab97b9c04bc7ba71088d21f2","/index.html":"e28851397ca6327d458d81bba947d1537ac3c8621934d00b756e5b69cc05418c","/styles-DRMVSH5R.css":"ebf8773b214b435fcb74c1831a95bfa8782aa62d3a60b2f81999808567997445","/main-OIWXT27X.js":"ccc2c9e56c6cfa5fe1937669ff3b8cf53b88f183d1b6575de60957de8a95d974","/chunk-PWO4BKVM.js":"1d07f6814fb0d7308ca9b9d7519abab02c79dcccd2f5fc7a0758022bf51f5ab9","/chunk-UNPFPSUJ.js":"e1450574f2de8def75fd56fd0b3622c0ca6004078327a7705c8196e862b4191d"}}
[debug] [2026-03-10T17:22:40.278Z] <<< [apiv2][status] POST https://firebasehosting.googleapis.com/v1beta1/projects/250549244937/sites/travel-list-4e4f4/versions/7f1b2b2dd721d0d9:populateFiles 200
[debug] [2026-03-10T17:22:40.278Z] <<< [apiv2][body] POST https://firebasehosting.googleapis.com/v1beta1/projects/250549244937/sites/travel-list-4e4f4/versions/7f1b2b2dd721d0d9:populateFiles {"uploadRequiredHashes":["e28851397ca6327d458d81bba947d1537ac3c8621934d00b756e5b69cc05418c","ccc2c9e56c6cfa5fe1937669ff3b8cf53b88f183d1b6575de60957de8a95d974"],"uploadUrl":"https://upload-firebasehosting.googleapis.com/upload/sites/travel-list-4e4f4/versions/7f1b2b2dd721d0d9/files"}
[debug] [2026-03-10T17:22:40.279Z] Checked if tokens are valid: true, expires at: 1773166321398
[debug] [2026-03-10T17:22:40.279Z] Checked if tokens are valid: true, expires at: 1773166321398
[debug] [2026-03-10T17:22:40.279Z] Checked if tokens are valid: true, expires at: 1773166321398
[debug] [2026-03-10T17:22:40.279Z] Checked if tokens are valid: true, expires at: 1773166321398
[debug] [2026-03-10T17:22:40.279Z] >>> [apiv2][query] POST https://upload-firebasehosting.googleapis.com/upload/sites/travel-list-4e4f4/versions/7f1b2b2dd721d0d9/files/e28851397ca6327d458d81bba947d1537ac3c8621934d00b756e5b69cc05418c [none]
[debug] [2026-03-10T17:22:40.279Z] >>> [apiv2][body] POST https://upload-firebasehosting.googleapis.com/upload/sites/travel-list-4e4f4/versions/7f1b2b2dd721d0d9/files/e28851397ca6327d458d81bba947d1537ac3c8621934d00b756e5b69cc05418c [stream]
[debug] [2026-03-10T17:22:40.281Z] >>> [apiv2][query] POST https://upload-firebasehosting.googleapis.com/upload/sites/travel-list-4e4f4/versions/7f1b2b2dd721d0d9/files/ccc2c9e56c6cfa5fe1937669ff3b8cf53b88f183d1b6575de60957de8a95d974 [none]
[debug] [2026-03-10T17:22:40.281Z] >>> [apiv2][body] POST https://upload-firebasehosting.googleapis.com/upload/sites/travel-list-4e4f4/versions/7f1b2b2dd721d0d9/files/ccc2c9e56c6cfa5fe1937669ff3b8cf53b88f183d1b6575de60957de8a95d974 [stream]
[debug] [2026-03-10T17:22:40.282Z] [hosting][populate queue][FINAL] {"max":762,"min":762,"avg":762,"active":0,"complete":1,"success":1,"errored":0,"retried":0,"total":1,"elapsed":765}
[debug] [2026-03-10T17:22:40.282Z] [hosting] uploads queued: 2
[debug] [2026-03-10T17:22:42.158Z] <<< [apiv2][status] POST https://upload-firebasehosting.googleapis.com/upload/sites/travel-list-4e4f4/versions/7f1b2b2dd721d0d9/files/e28851397ca6327d458d81bba947d1537ac3c8621934d00b756e5b69cc05418c 200
[debug] [2026-03-10T17:22:42.158Z] <<< [apiv2][body] POST https://upload-firebasehosting.googleapis.com/upload/sites/travel-list-4e4f4/versions/7f1b2b2dd721d0d9/files/e28851397ca6327d458d81bba947d1537ac3c8621934d00b756e5b69cc05418c [stream]
[debug] [2026-03-10T17:22:42.158Z] <<< [apiv2][status] POST https://upload-firebasehosting.googleapis.com/upload/sites/travel-list-4e4f4/versions/7f1b2b2dd721d0d9/files/ccc2c9e56c6cfa5fe1937669ff3b8cf53b88f183d1b6575de60957de8a95d974 200
[debug] [2026-03-10T17:22:42.158Z] <<< [apiv2][body] POST https://upload-firebasehosting.googleapis.com/upload/sites/travel-list-4e4f4/versions/7f1b2b2dd721d0d9/files/ccc2c9e56c6cfa5fe1937669ff3b8cf53b88f183d1b6575de60957de8a95d974 [stream]
[debug] [2026-03-10T17:22:42.158Z] [hosting][upload queue][FINAL] {"max":1880,"min":1879,"avg":1879.5,"active":0,"complete":2,"success":2,"errored":0,"retried":0,"total":2,"elapsed":1880}
[info] ✔  hosting[travel-list-4e4f4]: file upload complete 
[debug] [2026-03-10T17:22:42.159Z] [hosting] deploy completed after 2683ms
[debug] [2026-03-10T17:22:42.159Z] [
  {
    "config": {
      "public": "dist/travel-app/browser",
      "ignore": [
        "firebase.json",
        "**/.*",
        "**/node_modules/**"
      ],
      "rewrites": [
        {
          "source": "**",
          "destination": "/index.html"
        }
      ],
      "site": "travel-list-4e4f4"
    },
    "version": "projects/250549244937/sites/travel-list-4e4f4/versions/7f1b2b2dd721d0d9"
  }
]
[info] i  hosting[travel-list-4e4f4]: finalizing version... 
[debug] [2026-03-10T17:22:42.160Z] Checked if tokens are valid: true, expires at: 1773166321398
[debug] [2026-03-10T17:22:42.160Z] Checked if tokens are valid: true, expires at: 1773166321398
[debug] [2026-03-10T17:22:42.160Z] >>> [apiv2][query] PATCH https://firebasehosting.googleapis.com/v1beta1/projects/-/sites/travel-list-4e4f4/versions/7f1b2b2dd721d0d9 updateMask=status%2Cconfig
[debug] [2026-03-10T17:22:42.160Z] >>> [apiv2][body] PATCH https://firebasehosting.googleapis.com/v1beta1/projects/-/sites/travel-list-4e4f4/versions/7f1b2b2dd721d0d9 {"status":"FINALIZED","config":{"rewrites":[{"glob":"**","path":"/index.html"}]}}
